a is less than b, which is correct.
Loop iteration:
0
Loop iteration:
1
Loop iteration:
2
Test complete.
