Hello, Super user!
10 + 20 =
30
Fibonacci(10) =
55
Function test complete.
